// Jest Snapshot v1, https://goo.gl/fbAQLP

exports[`uncaught exceptions an uncaught render error on a route with an ErrorBoundary renders the route ErrorBoundary on document requests 1`] = `
"<div data-test-id=\\"/errors/nested\\">
  <h2>OH NOES!</h2>
  <p>
    There was an error at this specific route. The parent still renders cause it
    was fine, but this one blew up.
  </p>
  <pre>GAHHHH!!! KABOOM! &#x1F9E8;</pre>
</div>
"
`;

exports[`uncaught exceptions an uncaught render error on a route with an ErrorBoundary renders the route ErrorBoundary on fetch requests 1`] = `
"<div data-test-id=\\"/errors/nested\\">
  <h2>OH NOES!</h2>
  <p>
    There was an error at this specific route. The parent still renders cause it
    was fine, but this one blew up.
  </p>
  <pre>GAHHHH!!! KABOOM! &#x1F9E8;</pre>
</div>
"
`;

exports[`uncaught exceptions an uncaught render error on a route without an ErrorBoundary renders root ErrorBoundary on fetch requests 1`] = `
"<div data-test-id=\\"error-page\\">
  <h1>Oh snizzy, there was an error</h1>
  <pre>Explosions!!!! &#x1F4A3;</pre>
</div>
"
`;

exports[`uncaught exceptions an uncaught render error on a route without an ErrorBoundary renders the root ErrorBoundary on document requests 1`] = `
"<div data-test-id=\\"error-page\\">
  <h1>Oh snizzy, there was an error</h1>
  <pre>Explosions!!!! &#x1F4A3;</pre>
</div>
"
`;
