// Jest Snapshot v1, https://goo.gl/fbAQLP

exports[`the server HTML for the root URL is correct 1`] = `
"<div data-test-id=\\"content\\">
  <div data-test-id=\\"/\\">
    <header><h1>Cool Gists App</h1></header>
    <nav>
      <ul>
        <li>
          <a class=\\"text-blue-700 underline\\" href=\\"/gists\\">View Some gists</a>
        </li>
        <li>
          <a class=\\"text-blue-700 underline\\" href=\\"/gists/mjijackson\\"
            >Loader Redirect</a
          >
        </li>
        <li>
          <a class=\\"text-blue-700 underline\\" href=\\"/user-gists/ryanflorence\\"
            >Express Redirect</a
          >
        </li>
        <li><a class=\\"text-blue-700 underline\\" href=\\"/fart\\">Broken link</a></li>
        <li>
          <a class=\\"text-blue-700 underline\\" href=\\"/errors?throw\\"
            >Route without ErrorBoundary</a
          >
        </li>
        <li>
          <a class=\\"text-blue-700 underline\\" href=\\"/errors/nested\\"
            >Nested route with ErrorBoundary</a
          >
        </li>
      </ul>
    </nav>
    <div>I am shared</div>
  </div>
</div>
"
`;
