// Jest Snapshot v1, https://goo.gl/fbAQLP

exports[`the server HTML for the root URL is correct 1`] = `
"<div data-test-id=\\"content\\">
  <div data-test-id=\\"/\\">
    <header><h1>Cool Gists App</h1></header>
    <nav>
      <ul>
        <li>
          <a class=\\"text-blue-700 underline\\" href=\\"/gists\\">View Some gists</a>
        </li>
        <li>
          <a class=\\"text-blue-700 underline\\" href=\\"/gists/mjijackson\\"
            >Loader Redirect</a
          >
        </li>
        <li>
          <a class=\\"text-blue-700 underline\\" href=\\"/user-gists/ryanflorence\\"
            >Express Redirect</a
          >
        </li>
        <li><a class=\\"text-blue-700 underline\\" href=\\"/fart\\">Broken link</a></li>
        <li><a class=\\"text-blue-700 underline\\" href=\\"/methods\\">Forms</a></li>
        <li>
          <a class=\\"text-blue-700 underline\\" href=\\"/loader-errors?throw\\"
            >Loader error with no ErrorBoundary</a
          >
        </li>
        <li>
          <a class=\\"text-blue-700 underline\\" href=\\"/loader-errors/nested\\"
            >Loader error in nested route with ErrorBoundary</a
          >
        </li>
        <li>
          <a class=\\"text-blue-700 underline\\" href=\\"/render-errors?throw\\"
            >Render error with no ErrorBoundary</a
          >
        </li>
        <li>
          <a class=\\"text-blue-700 underline\\" href=\\"/render-errors/nested\\"
            >Render error in nested route with ErrorBoundary</a
          >
        </li>
      </ul>
    </nav>
    <div><p>Shared</p></div>
    <hr />
    <div>
      <h2>Images</h2>
      <p>Fixed Image</p>
      <img
        alt=\\"Guitar\\"
        src=\\"/build/components/guitar__e758e70ba61da1ffe299418d263fcc9fc8a23f4c.avif\\"
        style=\\"
          background-image: url(data:image/jpeg;base64,/9j/2wBDACAWGBwYFCAcGhwkIiAmMFA0MCwsMGJGSjpQdGZ6eHJmcG6AkLicgIiuim5woNqirr7EztDOfJri8uDI8LjKzsb/2wBDASIkJDAqMF40NF7GhHCExsbGxsbGxsbGxsbGxsbGxsbGxsbGxsbGxsbGxsbGxsbGxsbGxsbGxsbGxsbGxsbGxsb/wAARCAAhADIDASIAAhEBAxEB/8QAGQAAAwEBAQAAAAAAAAAAAAAAAAIDBAEF/8QAKBAAAgIBAwIFBQEAAAAAAAAAAAECEQMSITEEQRMiUWGRFDJEcYGC/8QAFQEBAQAAAAAAAAAAAAAAAAAAAAH/xAAXEQEBAQEAAAAAAAAAAAAAAAAAAREh/9oADAMBAAIRAxEAPwDxoLhl4RtpEsdVRpx9mSrCyjXySyJvK0/4Xa4/ZOSUsrriL3YhY2Tg10Ebi6UU3aMEpW6rY3yj1f0dy1PDo9qrsYOVXdO0WJS0A3wACY3sWxvzWZoseMvMQi7m4wlJcpbCRahjS7sTUt74ZzU7339yyG9bX1OTwFj05XHTw5bV8GR8K9rXNHfEyafulpqvYS/T0KldsBbAImMuQAKOx1cMAEKr+N/omACI4AAUf//Z);
          background-size: cover;
        \\"
        width=\\"250\\"
        height=\\"166.5\\"
      />
      <p>Responsive</p>
      <img
        alt=\\"Guitar\\"
        src=\\"/build/components/guitar__f44d8138cf1fef0b5e46ceae6eb95684ae40f0a9.jpeg\\"
        srcset=\\"
          /build/components/guitar__85a98ae7a2a65623f990baea3155a1a7dca547be.jpeg  720w,
          /build/components/guitar__21e803ae63922b294e502ea4a6f7c64a2fbfb7cb.jpeg 1080w,
          /build/components/guitar__f44d8138cf1fef0b5e46ceae6eb95684ae40f0a9.jpeg 2048w
        \\"
        style=\\"
          background-image: url(data:image/jpeg;base64,/9j/2wBDACAWGBwYFCAcGhwkIiAmMFA0MCwsMGJGSjpQdGZ6eHJmcG6AkLicgIiuim5woNqirr7EztDOfJri8uDI8LjKzsb/2wBDASIkJDAqMF40NF7GhHCExsbGxsbGxsbGxsbGxsbGxsbGxsbGxsbGxsbGxsbGxsbGxsbGxsbGxsbGxsbGxsbGxsb/wAARCAAhADIDASIAAhEBAxEB/8QAGQAAAwEBAQAAAAAAAAAAAAAAAAIDBAEF/8QAKBAAAgIBAwIFBQEAAAAAAAAAAAECEQMSITEEQRMiUWGRFDJEcYGC/8QAFQEBAQAAAAAAAAAAAAAAAAAAAAH/xAAXEQEBAQEAAAAAAAAAAAAAAAAAAREh/9oADAMBAAIRAxEAPwDxoLhl4RtpEsdVRpx9mSrCyjXySyJvK0/4Xa4/ZOSUsrriL3YhY2Tg10Ebi6UU3aMEpW6rY3yj1f0dy1PDo9qrsYOVXdO0WJS0A3wACY3sWxvzWZoseMvMQi7m4wlJcpbCRahjS7sTUt74ZzU7339yyG9bX1OTwFj05XHTw5bV8GR8K9rXNHfEyafulpqvYS/T0KldsBbAImMuQAKOx1cMAEKr+N/omACI4AAUf//Z);
          background-size: cover;
        \\"
      />
    </div>
  </div>
</div>
"
`;
