// Jest Snapshot v1, https://goo.gl/fbAQLP

exports[`the server HTML is correct: page 1`] = `
"<!DOCTYPE html>
<html lang=\\"en\\">
  <head>
    <meta charset=\\"utf-8\\" />
    <title>Gists Fixture App</title>
    <meta
      name=\\"description\\"
      content=\\"We're just tryin' to make sure stuff works, ya know?!\\"
    />
    <link
      rel=\\"stylesheet\\"
      href=\\"//unpkg.com/@exampledev/new.css@1.1.3/new.css\\"
    />
    <link rel=\\"stylesheet\\" href=\\"/build/global.css\\" />
  </head>
  <body class=\\"m-4\\">
    <div data-test-id=\\"/\\">
      <header><h1>Cool Gists App</h1></header>
      <nav>
        <ul>
          <li>
            <a class=\\"text-blue-700 underline\\" href=\\"/gists\\">View Some gists</a>
          </li>
          <li>
            <a class=\\"text-blue-700 underline\\" href=\\"/user-gists/ryanflorence\\"
              >Server Redirect</a
            >
          </li>
          <li>
            <a class=\\"text-blue-700 underline\\" href=\\"/fart\\">Broken link</a>
          </li>
        </ul>
      </nav>
      <div>I am shared</div>
    </div>
    <script>
      window.__remixContext = {
        globalData: { enableScripts: true },
        manifest: {
          assets: {
            \\"entry-browser\\": { file: \\"entry-browser.js\\" },
            \\"global.css\\": { file: \\"global.css\\" },
            \\"routes/index\\": { file: \\"routes/index.js\\" },
          },
          routes: { \\"routes/index\\": { id: \\"routes/index\\", path: \\"/\\" } },
          version: \\"9959e4f2\\",
        },
        matches: [
          {
            params: {},
            pathname: \\"/\\",
            route: { id: \\"routes/index\\", path: \\"/\\" },
          },
        ],
        publicPath: \\"/build/\\",
        routeData: { \\"routes/index\\": null },
      };
    </script>
    <script type=\\"module\\">
      import * as route0 from \\"/build/routes/index.js\\";
      window.__remixContext.routeModules = { \\"routes/index\\": route0 };
    </script>
    <script src=\\"/build/entry-browser.js\\" type=\\"module\\"></script>
  </body>
</html>
"
`;
